// Jest Snapshot v1, https://goo.gl/fbAQLP

exports[`renders correctly react-test-renderer 1`] = `
<div
  className="settingsPanel"
  id="accountPanel"
>
  <p
    className="settingsHeader"
    data-testid="setting-header"
  >
    Account
  </p>
  <div
    className="divider"
  />
  <div
    className="accountObject"
  >
    <p
      className="settingName"
      data-testid="setting-name"
    />
    <input
      className="ssidInput"
      data-testid="setting-input"
      onChange={[Function]}
      onKeyDown={[Function]}
      readOnly={true}
      value="Name"
    />
  </div>
  <div
    className="accountObject"
  >
    <img
      alt=""
      className="accountObjectPP"
      src="pf.png"
    />
    <input
      className="ssidInput"
      defaultValue="Image link"
      readOnly={true}
    />
  </div>
  <div
    className="accountObject"
  >
    <p
      className="settingName"
      data-testid="setting-name"
    />
    <ForwardRef(Link)
      onClick={[Function]}
      to="/Login"
    >
      Log out
    </ForwardRef(Link)>
  </div>
</div>
`;
