// Jest Snapshot v1, https://goo.gl/fbAQLP

exports[`Render Account Panel renders correctly react-test-renderer 1`] = `
<div
  className="settingsPanel accountPanel"
  id="accountPanel"
>
  <p
    className="settingsHeader"
    data-testid="setting-header"
  >
    Account
  </p>
  <div
    className="divider"
  />
  <div
    className="accountObject"
  >
    <p
      className="settingName"
      data-testid="setting-name"
    />
    <p
      className="settingName"
    >
      <ForwardRef(Link)
        onClick={[Function]}
        to="/Login"
      >
        Log out
      </ForwardRef(Link)>
    </p>
  </div>
</div>
`;
