// Jest Snapshot v1, https://goo.gl/fbAQLP

exports[`renders correctly react-test-renderer 1`] = `
<div
  className="linkMenu"
>
  <div>
    <ForwardRef(Link)
      to="/"
    >
      <img
        alt=""
        className="Logo MenuLogo"
        draggable="false"
        src="logo.png"
      />
    </ForwardRef(Link)>
    <br />
    <p
      className="NodeSaveTtl"
    >
      Node Linker
    </p>
    <br />
    <input
      onChange={[Function]}
      placeholder="ID node"
    />
    <br />
    <label>
      Destination Node
    </label>
    <input
      className="CheckBox"
      id="destinationNode"
      name="destinationNode"
      onChange={[Function]}
      type="checkbox"
    />
    <br />
    <input
      onChange={[Function]}
      placeholder="Connected Node"
    />
    <br />
    <button
      onClick={[Function]}
    >
      Save Link
    </button>
    <br />
    <br />
    <button
      className="green"
      onClick={[Function]}
    >
      Save Nodes
    </button>
    <br />
  </div>
</div>
`;
