// Jest Snapshot v1, https://goo.gl/fbAQLP

exports[`Login Renders login correctly 1`] = `
<div
  className="modal-dialog modal-login "
>
  <div
    className="modal-content"
  >
    <div
      className="modal-header"
    >
      <h4
        className="modal-title"
      >
        Sign In
      </h4>
    </div>
    <div
      className="modal-body"
    >
      <Form(t)
        onSubmit={[Function]}
      >
        <div>
          <div
            className="form-group"
          >
            <label
              htmlFor="username"
            >
              Username
            </label>
            <Control(s)
              className="form-control"
              data-testid="login-input-username"
              name="username"
              onChange={[Function]}
              type="text"
              validations={
                Array [
                  [Function],
                ]
              }
              value=""
            />
          </div>
          <div
            className="form-group"
          >
            <label
              htmlFor="password"
            >
              Password
            </label>
            <Control(s)
              className="form-control"
              data-testid="login-input-password"
              name="password"
              onChange={[Function]}
              type="password"
              validations={
                Array [
                  [Function],
                ]
              }
              value=""
            />
          </div>
          <div
            className="form-group"
          >
            <button
              className="btn btn-primary btn-block"
              data-testid="login-button-submit"
              disabled={false}
            >
              <span>
                Login
              </span>
            </button>
          </div>
        </div>
        
        <Button(s)
          style={
            Object {
              "display": "none",
            }
          }
        />
        <p
          className="hint-text font-weight-normal"
        >
          <ForwardRef(Link)
            to="ForgotPassword"
          >
            Forgot Password?
          </ForwardRef(Link)>
        </p>
        <div
          className="modal-footer"
        >
          <p
            className="font-weight-normal"
          >
            Don't have an account?
            <ForwardRef(Link)
              className="ml-1"
              to="/Register"
            >
              Register here!
            </ForwardRef(Link)>
          </p>
        </div>
      </Form(t)>
    </div>
  </div>
</div>
`;
