// Jest Snapshot v1, https://goo.gl/fbAQLP

exports[`renders correctly react-test-renderer 1`] = `
<div
  className="Menu"
>
  <img
    alt=""
    className="AccountImage"
    id="accountButton"
    onClick={[Function]}
    src="pf.png"
  />
  <img
    alt=""
    className="SettingsImage"
    id="settingsButton"
    onClick={[Function]}
    src="gear.png"
  />
</div>
`;
