// Jest Snapshot v1, https://goo.gl/fbAQLP

exports[`Register Successfully renders register 1`] = `
<div
  className="modal-dialog modal-login"
>
  <div
    className="modal-content"
  >
    <div
      className="modal-header"
    >
      <h4
        className="modal-title"
      >
        Register
      </h4>
    </div>
    <div
      className="modal-body"
    >
      <Form(t)
        onSubmit={[Function]}
      >
        <div>
          <div
            className="form-group"
          >
            <label
              htmlFor="username"
            >
              Username
            </label>
            <Control(s)
              className="form-control"
              data-testid="register-input-username"
              name="username"
              onChange={[Function]}
              type="text"
              validations={
                Array [
                  [Function],
                  [Function],
                ]
              }
              value=""
            />
          </div>
          <div
            className="form-group"
          >
            <label
              htmlFor="email"
            >
              Email
            </label>
            <Control(s)
              className="form-control"
              data-testid="register-input-email"
              name="email"
              onChange={[Function]}
              type="text"
              validations={
                Array [
                  [Function],
                  [Function],
                ]
              }
              value=""
            />
          </div>
          <div
            className="form-group"
          >
            <label
              htmlFor="password"
            >
              Password
            </label>
            <Control(s)
              className="form-control"
              data-testid="register-input-password"
              name="password"
              onChange={[Function]}
              type="password"
              validations={
                Array [
                  [Function],
                  [Function],
                ]
              }
              value=""
            />
          </div>
          <div
            className="form-group"
          >
            <button
              className="btn btn-primary btn-block"
              data-testid="register-button-submit"
            >
              Sign Up
            </button>
          </div>
        </div>
        
        <Button(s)
          style={
            Object {
              "display": "none",
            }
          }
        />
      </Form(t)>
    </div>
  </div>
</div>
`;
