// Jest Snapshot v1, https://goo.gl/fbAQLP

exports[`renders correctly react-test-renderer 1`] = `
<div
  className="modal-dialog modal-login"
  style={
    Object {
      "marginTop": "400px",
      "width": "700px",
    }
  }
>
  <div
    className="modal-content"
  >
    <div
      className="modal-body"
    >
      <h4>
        Coming Soon
      </h4>
    </div>
  </div>
</div>
`;
