// Jest Snapshot v1, https://goo.gl/fbAQLP

exports[`renders correctly react-test-renderer 1`] = `
<div
  id="floorplan-container"
>
  <div
    className="floorplanNode"
    id="user"
    style={
      Object {
        "backgroundColor": "green",
        "border": "1px solid white",
        "borderRadius": "45px",
        "left": "0px",
        "padding": "8px",
        "position": "absolute",
        "top": "0px",
      }
    }
  />
  <img
    alt=""
    className="img"
    draggable="false"
    id="floorplan-container-image"
    onMouseDown={[Function]}
    onTouchStart={[Function]}
    onWheel={[Function]}
    style={Object {}}
  />
</div>
`;
